// Jest Snapshot v1, https://goo.gl/fbAQLP

exports[`normalizeChildren 1`] = `
<MapGL
  accessToken={null}
  attributionControl={true}
  bearing={0}
  bearingSnap={7}
  boxZoom={true}
  className={null}
  collectResourceTiming={false}
  cursorStyle={null}
  doubleClickZoom={true}
  dragPan={true}
  dragRotate={true}
  failIfMajorPerformanceCaveat={false}
  hash={false}
  keyboard={true}
  latitude={0}
  localIdeographFontFamily={null}
  logoPosition="bottom-left"
  longitude={0}
  mapStyle="mapbox://styles/mapbox/light-v8"
  maxBounds={null}
  maxTileCacheSize={null}
  maxZoom={22}
  minZoom={0}
  onLoad={null}
  onViewportChange={null}
  pitch={0}
  pitchWithRotate={true}
  preserveDrawingBuffer={false}
  refreshExpiredTiles={true}
  renderWorldCopies={true}
  scrollZoom={true}
  style={null}
  trackResize={true}
  transformRequest={null}
  viewportChangeMethod="jumpTo"
  viewportChangeOptions={null}
  zoom={0}
>
  <div
    className={null}
    style={null}
  >
    <Layer
      before="layer2"
      id="layer1"
      key=".$.0"
      radius={0}
    />
    <Layer
      before="layer3"
      id="layer2"
      key=".$.1"
      radius={0}
    />
    <Layer
      before="layer4"
      id="layer3"
      key=".$.2"
      radius={0}
    />
    <Source
      id="source1"
      key=".$.3"
      type="vector"
    >
      <Layer
        before="layer5"
        id="layer4"
        key=".0"
        radius={0}
      />
      <Layer
        before="layer6"
        id="layer5"
        key=".1"
        radius={0}
      />
    </Source>
    <CustomLayer
      before="layer7"
      key=".$.4"
      layer={
        Object {
          "id": "layer6",
        }
      }
    />
    <Layer
      before="layer8"
      id="layer7"
      key=".0"
      radius={0}
    />
    <Layer
      before="layer9"
      id="layer8"
      key=".1"
      radius={0}
    />
    <Layer
      before="layer1"
      id="layer0"
      key=".$.6"
      radius={0}
    />
    <Source
      id="source2"
      key=".$.7"
      type="vector"
    >
      <Layer
        before="layer10"
        id="layer9"
        key=".0"
        radius={0}
      />
      <Layer
        id="layer10"
        key=".1"
        radius={0}
      />
    </Source>
  </div>
</MapGL>
`;
